// Jest Snapshot v1, https://goo.gl/fbAQLP

exports[`should render correctly Hero component match snapshot 1`] = `
<section
  class="h-100 mt-12 pt-24"
>
  <div
    class="mx-auto grid max-w-screen-xl justify-center px-4 py-8 lg:grid-cols-12 lg:py-16"
  >
    <div
      class="mr-auto place-self-center md:col-span-12"
    >
      <h1
        class="mb-4 max-w-2xl text-6xl font-extrabold leading-none tracking-tight dark:text-white"
      >
        <span
          class="leading-12 block w-full bg-gradient-to-r from-indigo-700 to-fuchsia-500 bg-clip-text py-2 text-transparent lg:inline"
        >
          any title
        </span>
      </h1>
      <div
        class="md:text4xl bg-gradient-to-r from-slate-200/60 to-slate-200 to-50% bg-clip-text text-4xl font-extrabold text-transparent [text-wrap:balance]"
      >
        any description
         
        <span
          class="inline-flex h-[calc(theme(fontSize.3xl)*theme(lineHeight.tight))] flex-col overflow-hidden text-indigo-500 md:h-[calc(theme(fontSize.4xl)*theme(lineHeight.tight))]"
        >
          <ul
            class="block animate-text-slide-4 text-left leading-tight [&_li]:block"
          >
            <li
              aria-hidden="true"
            />
          </ul>
        </span>
      </div>
      <div
        class="mt-6"
      />
    </div>
  </div>
</section>
`;
