// Jest Snapshot v1, https://goo.gl/fbAQLP

exports[`should render correctly Hero component match snapshot 1`] = `
<section
  class="flex h-full flex-col items-center justify-center"
>
  <div
    class="text-center"
  >
    <h1
      class="mb-4 max-w-2xl text-3xl font-extrabold leading-none tracking-tight md:text-6xl dark:text-white"
    >
      <span
        class="leading-12 block w-full lg:inline"
      >
        <span
          class="relative inline-block whitespace-pre-wrap all-letters"
        >
          <span
            class="sr-only"
          >
            any title
          </span>
          <span
            aria-hidden="true"
          >
            <span
              class=""
            >
              a
            </span>
            <span
              class=""
            >
              n
            </span>
            <span
              class=""
            >
              y
            </span>
            <span
              class=""
            >
               
            </span>
            <span
              class=""
            >
              t
            </span>
            <span
              class=""
            >
              i
            </span>
            <span
              class=""
            >
              t
            </span>
            <span
              class=""
            >
              l
            </span>
            <span
              class=""
            >
              e
            </span>
          </span>
        </span>
      </span>
    </h1>
    <div
      class=" mb-4"
    >
      <h1
        class="text-1xl bg-gradient-to-r from-slate-600 to-slate-700 to-50% bg-clip-text font-extrabold tracking-tight text-transparent [text-wrap:balance] md:text-4xl"
      >
        any description
      </h1>
    </div>
  </div>
  <div
    class="mt-4"
  >
    <a
      class="align-center text-white-100 hover:text-white-500 group relative inline-flex items-center justify-center overflow-hidden rounded rounded-md border border-transparent bg-transparent px-12 py-3 text-sm font-bold focus:outline-none focus:ring active:bg-slate-600 active:text-white"
      href="en/about"
    >
      <span
        class="ease border-white-500 absolute left-0 top-0 h-0 w-0 rounded-md border-t-2 transition-all duration-200 group-hover:w-full"
      />
      <span
        class="ease border-white-500 absolute right-0 top-0 h-0 w-0 rounded-md border-r-2 transition-all duration-200 group-hover:h-full"
      />
      <span
        class="ease border-white-500 absolute bottom-0 right-0 h-0 w-0 rounded-md border-b-2 transition-all duration-200 group-hover:w-full"
      />
      <span
        class="ease border-white-500 absolute bottom-0 left-0 h-0 w-0 rounded-md border-l-2 transition-all duration-200 group-hover:h-full"
      />
      <span
        class="flex items-center justify-center align-middle"
      />
    </a>
  </div>
</section>
`;
